
> sarko_decor@0.1.0 build
> next build

Γû▓ Next.js 16.1.6 (Turbopack)

  Creating an optimized production build ...
Γ£ô Compiled successfully in 3.8s
  Running TypeScript ...
node.exe : Failed to compile.
At line:1 char:1
+ & "C:\Program 
Files\nodejs/node.exe" 
"C:\Program 
Files\nodejs/node_mo ...
+ ~~~~~~~~~~~~~~~~~~~~~~~~~~~
~~~~~~~~~~~~~~~~~~~~~~~~~~~~~
~~~~~~~~~~~~~
    + CategoryInfo           
   : NotSpecified: (Failed   
  to compile.:String) [],    
 RemoteException
    + FullyQualifiedErrorId  
   : NativeCommandError
 

./src/app/admin/page.tsx:638:
68
Type error: Cannot find name 
'deleteProject'.

[0m [90m 636 |[39m
 [90m 637 |[39m            
                             
        
[33m<[39m[33mbutton[39m 
[31m[1m>[22m[39m[90m 
638 |[39m                   
                             
     onClick[33m=[39m{() 
[33m=>[39m deleteProject(pr
oject[33m.[39mid)}
 [90m     |[39m            
                             
                           
[31m[1m^[22m[39m
 [90m 639 |[39m            
                             
            className[33m=[
39m[32m"p-3 bg-red-500/10 
text-red-500 
hover:bg-red-500 
hover:text-white rounded-2xl 
transition-all"[39m
 [90m 640 |[39m            
                             
            title[33m=[39m
[32m"╪│┌ò█î┘å█ò┘ê█ò█î 
┘╛┌ò█å┌ÿ█ò"[39m
 [90m 641 |[39m            
                             
        [33m>[39m[0m
Next.js build worker exited 
with code: 1 and signal: null
